---
source: packages/llvm/src/tests/variable_declaration/variable_assignment.rs
expression: output

---
; ModuleID = 'main'
source_filename = "main"

define void @main() {
entry:
  %__y = alloca i64, align 8
  store i64 1, i64* %__y, align 4
  %x = alloca i64, align 8
  store i64 0, i64* %x, align 4
  %"2" = load i64, i64* %__y, align 4
  store i64 %"2", i64* %x, align 4
  ret void
}

