---
source: packages/llvm/src/tests/variable_declaration/variable_assignment.rs
expression: output

---
; ModuleID = 'main'
source_filename = "main"

define void @main() {
entry:
  %__y_ = alloca i1, align 1
  store i1 true, i1* %__y_, align 1
  %x_ = alloca i1, align 1
  store i1 true, i1* %x_, align 1
  %"4" = load i1, i1* %__y_, align 1
  store i1 %"4", i1* %x_, align 1
  ret void
}

define void @__typescript__personality() {
entry:
  ret void
}

