---
source: packages/llvm/src/tests/variable_declaration/let_variable_declaration.rs
expression: output

---
; ModuleID = 'main'
source_filename = "main"

define void @main() {
entry:
  %x = alloca double, align 8
  store double 0xFFF0000000000000, double* %x, align 8
  ret void
}

