---
source: packages/llvm/src/tests/variable_declaration/const_variable_declaration.rs
expression: output

---
; ModuleID = 'main'
source_filename = "main"

define void @main() {
entry:
  %"__y|_|" = alloca double, align 8
  store double 1.000000e+00, double* %"__y|_|", align 8
  %"x|_|" = alloca i1, align 1
  %"4" = load double, double* %"__y|_|", align 8
  %"1" = fcmp olt double -1.000000e+00, %"4"
  store i1 %"1", i1* %"x|_|", align 1
  ret void
}

