---
source: packages/llvm/src/tests/variable_declaration/const_variable_declaration.rs
expression: output

---
; ModuleID = 'main'
source_filename = "main"

define void @main() {
entry:
  %x_ = alloca double, align 8
  store double 5.000000e-01, double* %x_, align 8
  ret void
}

define void @__typescript__personality() {
entry:
  ret void
}

