---
source: packages/llvm/src/tests/variable_declaration/const_variable_declaration.rs
expression: output

---
; ModuleID = 'main'
source_filename = "main"

define void @main() {
entry:
  %__y = alloca double, align 8
  store double 1.000000e+00, double* %__y, align 8
  %x = alloca double, align 8
  %"3" = load double, double* %__y, align 8
  %"1" = fmul double 1.000000e+00, %"3"
  store double %"1", double* %x, align 8
  ret void
}

