---
source: packages/llvm/src/tests/variable_declaration/variable_assignment.rs
expression: output

---
; ModuleID = 'main'
source_filename = "main"

define void @main() {
entry:
  %_x_ = alloca double, align 8
  store double 1.000000e+00, double* %_x_, align 8
  %x_ = alloca double, align 8
  %"1" = load double, double* %_x_, align 8
  store double %"1", double* %x_, align 8
  store double 1.000000e+00, double* %x_, align 8
  ret void
}

