---
source: packages/llvm/src/tests/variable_declaration/variable_assignment.rs
expression: output

---
; ModuleID = 'main'
source_filename = "main"

define void @main() {
entry:
  %x_ = alloca double, align 8
  store double 0.000000e+00, double* %x_, align 8
  %"6" = load double, double* %x_, align 8
  %"7" = fsub double %"6", 0.000000e+00
  store double %"7", double* %x_, align 8
  ret void
}

define void @__typescript__personality() {
entry:
  ret void
}

