---
source: packages/llvm/src/tests/variable_declaration/variable_assignment.rs
expression: output

---
; ModuleID = 'main'
source_filename = "main"

define void @main() {
entry:
  %"_x|_|" = alloca double, align 8
  store double 1.000000e+00, double* %"_x|_|", align 8
  %"__y|_|" = alloca double, align 8
  store double 1.000000e+00, double* %"__y|_|", align 8
  %"x|_|" = alloca double, align 8
  %"2" = load double, double* %"_x|_|", align 8
  store double %"2", double* %"x|_|", align 8
  %"3" = load double, double* %"__y|_|", align 8
  %"4" = load double, double* %"x|_|", align 8
  %"5" = fadd double %"4", %"3"
  store double %"5", double* %"x|_|", align 8
  ret void
}

