---
source: packages/llvm/src/tests/variable_declaration/const_variable_declaration.rs
expression: output

---
; ModuleID = 'main'
source_filename = "main"

define void @main() {
entry:
  %"_x|_|" = alloca i1, align 1
  store i1 true, i1* %"_x|_|", align 1
  %"__y|_|" = alloca i1, align 1
  store i1 true, i1* %"__y|_|", align 1
  %"x|_|" = alloca i1, align 1
  %"3" = load i1, i1* %"_x|_|", align 1
  %"4" = load i1, i1* %"__y|_|", align 1
  %"2" = icmp ne i1 %"3", %"4"
  store i1 %"2", i1* %"x|_|", align 1
  ret void
}

