---
source: packages/llvm/src/tests/variable_declaration/variable_assignment.rs
expression: output

---
; ModuleID = 'main'
source_filename = "main"

define void @main() {
entry:
  %"x|_|" = alloca i1, align 1
  store i1 true, i1* %"x|_|", align 1
  store i1 false, i1* %"x|_|", align 1
  ret void
}

