---
source: packages/llvm/src/tests/variable_declaration/variable_assignment.rs
expression: output

---
; ModuleID = 'main'
source_filename = "main"

define void @main() {
entry:
  %_x_ = alloca i64, align 8
  store i1 true, i64* %_x_, align 1
  %x_ = alloca i64, align 8
  %"1" = load i64, i64* %_x_, align 4
  store i64 %"1", i64* %x_, align 4
  store i1 true, i64* %x_, align 1
  ret void
}

