---
source: packages/llvm/src/tests/variable_declaration/variable_assignment.rs
expression: output

---
; ModuleID = 'main'
source_filename = "main"

define void @main() {
entry:
  %x_ = alloca double, align 8
  store double 1.000000e+00, double* %x_, align 8
  %"3" = load double, double* %x_, align 8
  %"4" = fdiv double %"3", 1.000000e+00
  store double %"4", double* %x_, align 8
  ret void
}

