---
source: packages/llvm/src/tests/variable_declaration/variable_assignment.rs
expression: output

---
; ModuleID = 'main'
source_filename = "main"

define void @main() {
entry:
  %_x = alloca double, align 8
  store double 1.000000e+00, double* %_x, align 8
  %x = alloca double, align 8
  %"1" = load double, double* %_x, align 8
  store double %"1", double* %x, align 8
  %"4" = load double, double* %x, align 8
  %"5" = fadd double %"4", -1.000000e+00
  store double %"5", double* %x, align 8
  ret void
}

