---
source: packages/llvm/src/tests/variable_declaration/variable_assignment.rs
expression: output

---
; ModuleID = 'main'
source_filename = "main"

define void @main() {
entry:
  %__y_ = alloca double, align 8
  store double 1.000000e+00, double* %__y_, align 8
  %x_ = alloca double, align 8
  store double 1.000000e+00, double* %x_, align 8
  %"3" = load double, double* %__y_, align 8
  %"4" = load double, double* %x_, align 8
  %"5" = fdiv double %"4", %"3"
  store double %"5", double* %x_, align 8
  ret void
}

