---
source: packages/llvm/src/tests/variable_declaration/let_variable_declaration.rs
expression: output

---
; ModuleID = 'main'
source_filename = "main"

define void @main() {
entry:
  %x_ = alloca i64, align 8
  store i64 1, i64* %x_, align 4
  ret void
}

