---
source: packages/llvm/src/tests/variable_declaration/variable_assignment.rs
expression: output

---
; ModuleID = 'main'
source_filename = "main"

define void @main() {
entry:
  %"__y|_|" = alloca double, align 8
  store double 1.000000e+00, double* %"__y|_|", align 8
  %"x|_|" = alloca double, align 8
  store double 2.000000e+00, double* %"x|_|", align 8
  %"4" = load double, double* %"__y|_|", align 8
  store double %"4", double* %"x|_|", align 8
  ret void
}

