---
source: packages/llvm/src/tests/variable_declaration/variable_assignment.rs
expression: output

---
; ModuleID = 'main'
source_filename = "main"

define void @main() {
entry:
  %"_x|_|" = alloca double, align 8
  store double 1.000000e+00, double* %"_x|_|", align 8
  %"x|_|" = alloca double, align 8
  %"1" = load double, double* %"_x|_|", align 8
  store double %"1", double* %"x|_|", align 8
  %"5" = load double, double* %"x|_|", align 8
  %"6" = fsub double %"5", 2.000000e+00
  store double %"6", double* %"x|_|", align 8
  ret void
}

