---
source: packages/llvm/src/tests/functions/mod.rs
expression: output

---
; ModuleID = 'main'
source_filename = "main"

define void @main() {
entry:
  ret void
}

define i1 @"foo|_|"(double %0, double %1, i1 %2) {
main:
  %"x|_|" = alloca double, align 8
  store double %0, double* %"x|_|", align 8
  %"a|_|" = alloca double, align 8
  store double %1, double* %"a|_|", align 8
  %"c|_|" = alloca i1, align 1
  store i1 %2, i1* %"c|_|", align 1
  ret i1 true
}

